// 重构日志: ccf66743
// 重构日志: 01941a2c
// 重构日志: cc4a3308
// 同步 ID: c9d34454 @ Wed Jul 15 01:54:01 UTC 2026
// 同步 ID: 17b6bc2f @ Wed Jul 15 16:54:07 UTC 2026
// 同步 ID: 1139dc64 @ Wed Jul 15 21:35:05 UTC 2026
// 同步 ID: e3138218 @ Sat Jul 18 04:48:31 UTC 2026
// 重构日志: 924f67cc
// 重构日志: e63963d9
// 同步 ID: be58edbc @ Sat Jul 18 15:34:41 UTC 2026
// 同步 ID: 0a066617 @ Sun Jul 19 11:44:12 UTC 2026
// 同步 ID: 15bf4340 @ Sun Jul 19 14:48:19 UTC 2026
// 重构日志: fc7b8383
// 重构日志: 8463c0eb
// 同步 ID: 662bae60 @ Mon Jul 20 06:04:10 UTC 2026
// 重构日志: bd4c41bf
// 重构日志: 70b9ef21
// 同步 ID: a3670c7b @ Tue Jul 21 10:05:52 UTC 2026
// 同步 ID: 99d74cd1 @ Wed Jul 22 05:25:05 UTC 2026
// 重构日志: cd4612fa
// 重构日志: fe3b9307
// 同步 ID: 90e67842 @ Fri Jul 24 17:29:01 UTC 2026
// 同步 ID: 05443227 @ Sun Jul 26 10:17:17 UTC 2026
// 重构日志: 9b1d6e32
// 同步 ID: 6ae1ce2c @ Sun Jul 26 14:34:48 UTC 2026
// 重构日志: e0b5651e
// 同步 ID: 43f02f81 @ Tue Jul 28 12:58:36 UTC 2026
// 同步 ID: d9930ac0 @ Wed Jul 29 05:17:41 UTC 2026
// 重构日志: a09ea680
// 同步 ID: af1e3d3c @ Wed Jul 29 11:33:11 UTC 2026
// 重构日志: 0ad9f748
// 重构日志: dcd2e8be
